******************************************************************************
                  TI ARM Linker PC v18.1.3                     
******************************************************************************
>> Linked Thu Jul 15 11:02:58 2021

OUTPUT FILE NAME:   <multi_role_cc2640r2lp_app.out>
ENTRY POINT SYMBOL: "ResetISR"  address: 00012eb5


MEMORY CONFIGURATION

         name            origin    length      used     unused   attr    fill
----------------------  --------  ---------  --------  --------  ----  --------
  FLASH                 00000000   0001f000  0001a73e  000048c2  R  X
  FLASH_LAST_PAGE       0001f000   00001000  00000058  00000fa8  R  X
  SRAM                  20000000   00004400  0000268a  00001d76  RW X


SEGMENT ALLOCATION MAP

run origin  load origin   length   init length attrs members
----------  ----------- ---------- ----------- ----- -------
00000000    00000000    00018744   00018744    r-x
  00000000    00000000    0000003c   0000003c    r-- .resetVecs
  0000003c    0000003c    00000fc4   00000fc4    r-x .text.1
  00001000    00001000    00000028   00000028    r-- .const:ti_sysbios_heaps_HeapMem_Module__FXNS__C
  00001028    00001028    00000024   00000024    r-- .const:ti_sysbios_gates_GateHwi_Module__FXNS__C
  0000104c    0000104c    00000024   00000024    r-- .const:ti_sysbios_gates_GateMutex_Module__FXNS__C
  00001070    00001070    00000020   00000020    r-- .const:ti_sysbios_family_arm_m3_Hwi_Object__DESC__C
  00001090    00001090    00000020   00000020    r-- .const:ti_sysbios_gates_GateHwi_Object__DESC__C
  000010b0    000010b0    00000020   00000020    r-- .const:ti_sysbios_gates_GateMutex_Object__DESC__C
  000010d0    000010d0    00000020   00000020    r-- .const:ti_sysbios_hal_Hwi_Object__DESC__C
  000010f0    000010f0    00000020   00000020    r-- .const:ti_sysbios_heaps_HeapMem_Object__DESC__C
  00001110    00001110    00000020   00000020    r-- .const:ti_sysbios_knl_Clock_Object__DESC__C
  00001130    00001130    00000020   00000020    r-- .const:ti_sysbios_knl_Event_Object__DESC__C
  00001150    00001150    00000020   00000020    r-- .const:ti_sysbios_knl_Mailbox_Object__DESC__C
  00001170    00001170    00000020   00000020    r-- .const:ti_sysbios_knl_Queue_Object__DESC__C
  00001190    00001190    00000020   00000020    r-- .const:ti_sysbios_knl_Semaphore_Object__DESC__C
  000011b0    000011b0    00000020   00000020    r-- .const:ti_sysbios_knl_Swi_Object__DESC__C
  000011d0    000011d0    00000020   00000020    r-- .const:ti_sysbios_knl_Task_Object__DESC__C
  000011f0    000011f0    00000008   00000008    r-- .const:ti_sysbios_knl_Idle_funcList__C
  000011f8    000011f8    00000004   00000004    r-- .const:ti_sysbios_family_arm_cc26xx_Timer_startupNeeded__C
  000011fc    000011fc    00000004   00000004    r-- .const:ti_sysbios_family_arm_m3_Hwi_E_alreadyDefined__C
  00001200    00001200    00000004   00000004    r-- .const:ti_sysbios_family_arm_m3_Hwi_E_hwiLimitExceeded__C
  00001204    00001204    00000004   00000004    r-- .const:ti_sysbios_family_arm_m3_Hwi_NUM_INTERRUPTS__C
  00001208    00001208    00000004   00000004    r-- .const:ti_sysbios_family_arm_m3_Hwi_Object__count__C
  0000120c    0000120c    00000004   00000004    r-- .const:ti_sysbios_family_arm_m3_Hwi_Object__table__C
  00001210    00001210    00000004   00000004    r-- .const:ti_sysbios_family_arm_m3_Hwi_ccr__C
  00001214    00001214    00000004   00000004    r-- .const:ti_sysbios_family_arm_m3_Hwi_excHandlerFunc__C
  00001218    00001218    00000004   00000004    r-- .const:ti_sysbios_family_arm_m3_Hwi_nullIsrFunc__C
  0000121c    0000121c    00000004   00000004    r-- .const:ti_sysbios_family_arm_m3_Hwi_numSparseInterrupts__C
  00001220    00001220    00000004   00000004    r-- .const:ti_sysbios_family_arm_m3_Hwi_priGroup__C
  00001224    00001224    00000004   00000004    r-- .const:ti_sysbios_family_arm_m3_TaskSupport_stackAlignment__C
  00001228    00001228    00000004   00000004    r-- .const:ti_sysbios_heaps_HeapMem_E_memory__C
  0000122c    0000122c    00000004   00000004    r-- .const:ti_sysbios_heaps_HeapMem_Module__gateObj__C
  00001230    00001230    00000004   00000004    r-- .const:ti_sysbios_heaps_HeapMem_Object__count__C
  00001234    00001234    00000004   00000004    r-- .const:ti_sysbios_heaps_HeapMem_Object__table__C
  00001238    00001238    00000004   00000004    r-- .const:ti_sysbios_heaps_HeapMem_reqAlign__C
  0000123c    0000123c    00000004   00000004    r-- .const:ti_sysbios_knl_Clock_triggerClock__C
  00001240    00001240    00000004   00000004    r-- .const:ti_sysbios_knl_Mailbox_Object__count__C
  00001244    00001244    00000004   00000004    r-- .const:ti_sysbios_knl_Mailbox_Object__table__C
  00001248    00001248    00000004   00000004    r-- .const:ti_sysbios_knl_Mailbox_maxTypeAlign__C
  0000124c    0000124c    00000004   00000004    r-- .const:ti_sysbios_knl_Queue_Object__count__C
  00001250    00001250    00000004   00000004    r-- .const:ti_sysbios_knl_Queue_Object__table__C
  00001254    00001254    00000004   00000004    r-- .const:ti_sysbios_knl_Semaphore_eventPost__C
  00001258    00001258    00000004   00000004    r-- .const:ti_sysbios_knl_Semaphore_eventSync__C
  0000125c    0000125c    00000004   00000004    r-- .const:ti_sysbios_knl_Swi_Object__count__C
  00001260    00001260    00000004   00000004    r-- .const:ti_sysbios_knl_Swi_Object__table__C
  00001264    00001264    00000004   00000004    r-- .const:ti_sysbios_knl_Swi_numPriorities__C
  00001268    00001268    00000004   00000004    r-- .const:ti_sysbios_knl_Task_Object__count__C
  0000126c    0000126c    00000004   00000004    r-- .const:ti_sysbios_knl_Task_Object__table__C
  00001270    00001270    00000004   00000004    r-- .const:ti_sysbios_knl_Task_allBlockedFunc__C
  00001274    00001274    00000004   00000004    r-- .const:ti_sysbios_knl_Task_defaultStackHeap__C
  00001278    00001278    00000004   00000004    r-- .const:ti_sysbios_knl_Task_defaultStackSize__C
  0000127c    0000127c    00000004   00000004    r-- .const:ti_sysbios_knl_Task_numConstructedTasks__C
  00001280    00001280    00000002   00000002    r-- .const:ti_sysbios_family_arm_cc26xx_Timer_Module__id__C
  00001282    00001282    00000002   00000002    r-- .const:ti_sysbios_family_arm_cc26xx_TimestampProvider_useClockTimer__C
  00001284    00001284    00000002   00000002    r-- .const:ti_sysbios_family_arm_m3_Hwi_Module__id__C
  00001286    00001286    00000002   00000002    r-- .const:ti_sysbios_gates_GateHwi_Module__id__C
  00001288    00001288    00000002   00000002    r-- .const:ti_sysbios_gates_GateMutex_Module__id__C
  0000128a    0000128a    00000002   00000002    r-- .const:ti_sysbios_heaps_HeapMem_Module__id__C
  0000128c    0000128c    00000002   00000002    r-- .const:ti_sysbios_knl_Task_initStackFlag__C
  0000128e    0000128e    00000001   00000001    r-- .const:ti_sysbios_knl_Clock_tickMode__C
  00001290    00001290    00000008   00000008    r-- .const:xdc_runtime_Startup_firstFxns__C
  00001298    00001298    00000008   00000008    r-- .const:xdc_runtime_Startup_lastFxns__C
  000012a0    000012a0    00000004   00000004    r-- .const:xdc_runtime_Assert_E_assertFailed__C
  000012a4    000012a4    00000004   00000004    r-- .const:xdc_runtime_Error_E_memory__C
  000012a8    000012a8    00000004   00000004    r-- .const:xdc_runtime_Error_policyFxn__C
  000012ac    000012ac    00000004   00000004    r-- .const:xdc_runtime_Error_raiseHook__C
  000012b0    000012b0    00000004   00000004    r-- .const:xdc_runtime_IGateProvider_Interface__BASE__C
  000012b4    000012b4    00000004   00000004    r-- .const:xdc_runtime_IHeap_Interface__BASE__C
  000012b8    000012b8    00000004   00000004    r-- .const:xdc_runtime_IModule_Interface__BASE__C
  000012bc    000012bc    00000004   00000004    r-- .const:xdc_runtime_Memory_defaultHeapInstance__C
  000012c0    000012c0    00000004   00000004    r-- .const:xdc_runtime_Startup_execImpl__C
  000012c4    000012c4    00000004   00000004    r-- .const:xdc_runtime_Startup_maxPasses__C
  000012c8    000012c8    00000004   00000004    r-- .const:xdc_runtime_Startup_sfxnRts__C
  000012cc    000012cc    00000004   00000004    r-- .const:xdc_runtime_Startup_sfxnTab__C
  000012d0    000012d0    00000004   00000004    r-- .const:xdc_runtime_Startup_startModsFxn__C
  000012d4    000012d4    00000004   00000004    r-- .const:xdc_runtime_SysCallback_abortFxn__C
  000012d8    000012d8    00000004   00000004    r-- .const:xdc_runtime_SysCallback_exitFxn__C
  000012dc    000012dc    00000004   00000004    r-- .const:xdc_runtime_System_abortFxn__C
  000012e0    000012e0    00000004   00000004    r-- .const:xdc_runtime_System_exitFxn__C
  000012e4    000012e4    00000004   00000004    r-- .const:xdc_runtime_System_maxAtexitHandlers__C
  000012e8    000012e8    00000004   00000004    r-- .const:xdc_runtime_Text_charTab__C
  000012ec    000012ec    00000004   00000004    r-- .const:xdc_runtime_Text_nameEmpty__C
  000012f0    000012f0    00000004   00000004    r-- .const:xdc_runtime_Text_nameStatic__C
  000012f4    000012f4    00000004   00000004    r-- .const:xdc_runtime_Text_nameUnknown__C
  000012f8    000012f8    00000002   00000002    r-- .const:xdc_runtime_Error_maxDepth__C
  000012fa    000012fa    00000002   00000002    r-- .const:xdc_runtime_Memory_Module__id__C
  000012fc    000012fc    00000002   00000002    r-- .const:xdc_runtime_Text_charCnt__C
  000012fe    000012fe    00000002   00000002    r-- .const:xdc_runtime_Text_isLoaded__C
  00001300    00001300    00000001   00000001    r-- .const:xdc_runtime_Error_policy__C
  00001304    00001304    00000004   00000004    r-- .const:ti_sysbios_rom_ROM_ti_sysbios_family_arm_cc26xx_Timer_getCount64__E
  00001308    00001308    00000004   00000004    r-- .const:ti_sysbios_rom_ROM_ti_sysbios_family_arm_cc26xx_Timer_getCurrentTick__E
  0000130c    0000130c    00000004   00000004    r-- .const:ti_sysbios_rom_ROM_ti_sysbios_family_arm_cc26xx_Timer_getMaxTicks__E
  00001310    00001310    00000004   00000004    r-- .const:ti_sysbios_rom_ROM_ti_sysbios_family_arm_cc26xx_Timer_initDevice__I
  00001314    00001314    00000004   00000004    r-- .const:ti_sysbios_rom_ROM_ti_sysbios_family_arm_cc26xx_Timer_setNextTick__E
  00001318    00001318    00000004   00000004    r-- .const:ti_sysbios_rom_ROM_ti_sysbios_family_arm_cc26xx_Timer_setThreshold__I
  0000131c    0000131c    00000004   00000004    r-- .const:ti_sysbios_rom_ROM_ti_sysbios_family_arm_cc26xx_Timer_start__E
  00001320    00001320    00000004   00000004    r-- .const:ti_sysbios_rom_ROM_ti_sysbios_family_arm_cc26xx_TimestampProvider_get32__E
  00001324    00001324    00000004   00000004    r-- .const:ti_sysbios_rom_ROM_xdc_runtime_Startup_getState__I
  00001328    00001328    00000004   00000004    r-- .const:ti_sysbios_rom_ROM_xdc_runtime_System_SupportProxy_abort__E
  0000132c    0000132c    00000004   00000004    r-- .const:ti_sysbios_rom_ROM_xdc_runtime_System_SupportProxy_exit__E
  00001330    00001330    00015d80   00015d80    r-x .text.2
  000170b0    000170b0    00001012   00001012    r-- .const
  000180c4    000180c4    000000a4   000000a4    r-- .rodata
  00018168    00018168    000005dc   000005dc    r-- .cinit
0001d000    0001d000    00002000   00002000    r--
  0001d000    0001d000    00002000   00002000    r-- .snvSectors
0001ffa8    0001ffa8    00000058   00000058    r--
  0001ffa8    0001ffa8    00000058   00000058    r-- .ccfg
20000100    20000100    000021c4   00000000    rw-
  20000100    20000100    00000044   00000000    rw- .data:ti_sysbios_knl_Task_Module__state__V
  20000144    20000144    00000034   00000000    rw- .data:ti_sysbios_family_arm_m3_Hwi_Module__state__V
  20000178    20000178    0000002c   00000000    rw- .data:ti_sysbios_knl_Clock_Module__state__V
  200001a4    200001a4    00000024   00000000    rw- .data:ti_sysbios_BIOS_Module__state__V
  200001c8    200001c8    0000001c   00000000    rw- .data:ti_sysbios_knl_Swi_Module__state__V
  200001e4    200001e4    00000008   00000000    rw- .data:ti_sysbios_family_arm_cc26xx_Timer_Module__state__V
  200001ec    200001ec    00000004   00000000    rw- .data:ti_sysbios_family_arm_cc26xx_TimestampProvider_Module__state__V
  200001f0    200001f0    00000008   00000000    rw- .data:xdc_runtime_Startup_Module__state__V
  200001f8    200001f8    00000008   00000000    rw- .data:xdc_runtime_System_Module__state__V
  20000200    20000200    00000004   00000000    rw- .data:xdc_runtime_Memory_Module__state__V
  20000204    20000204    00000002   00000000    rw- .data:xdc_runtime_Error_Module__state__V
  20000208    20000208    00000f18   00000000    rw- .data
  20001120    20001120    000011a4   00000000    rw- .bss
20004000    20004000    00000400   00000000    rw-
  20004000    20004000    00000400   00000000    rw- .stack


SECTION ALLOCATION MAP

 output                                  attributes/
section   page    origin      length       input sections
--------  ----  ----------  ----------   ----------------
.const:ti_sysbios_heaps_HeapMem_Module__FXNS__C 
*          0    00001000    00000028     
                  00001000    00000028     app_ble_pem3.oem3 (.const:ti_sysbios_heaps_HeapMem_Module__FXNS__C)

.const:ti_sysbios_gates_GateHwi_Module__FXNS__C 
*          0    00001028    00000024     
                  00001028    00000024     app_ble_pem3.oem3 (.const:ti_sysbios_gates_GateHwi_Module__FXNS__C)

.const:ti_sysbios_gates_GateMutex_Module__FXNS__C 
*          0    0000104c    00000024     
                  0000104c    00000024     app_ble_pem3.oem3 (.const:ti_sysbios_gates_GateMutex_Module__FXNS__C)

.const:ti_sysbios_family_arm_m3_Hwi_Object__DESC__C 
*          0    00001070    00000020     
                  00001070    00000020     app_ble_pem3.oem3 (.const:ti_sysbios_family_arm_m3_Hwi_Object__DESC__C)

.const:ti_sysbios_gates_GateHwi_Object__DESC__C 
*          0    00001090    00000020     
                  00001090    00000020     app_ble_pem3.oem3 (.const:ti_sysbios_gates_GateHwi_Object__DESC__C)

.const:ti_sysbios_gates_GateMutex_Object__DESC__C 
*          0    000010b0    00000020     
                  000010b0    00000020     app_ble_pem3.oem3 (.const:ti_sysbios_gates_GateMutex_Object__DESC__C)

.const:ti_sysbios_hal_Hwi_Object__DESC__C 
*          0    000010d0    00000020     
                  000010d0    00000020     app_ble_pem3.oem3 (.const:ti_sysbios_hal_Hwi_Object__DESC__C)

.const:ti_sysbios_heaps_HeapMem_Object__DESC__C 
*          0    000010f0    00000020     
                  000010f0    00000020     app_ble_pem3.oem3 (.const:ti_sysbios_heaps_HeapMem_Object__DESC__C)

.const:ti_sysbios_knl_Clock_Object__DESC__C 
*          0    00001110    00000020     
                  00001110    00000020     app_ble_pem3.oem3 (.const:ti_sysbios_knl_Clock_Object__DESC__C)

.const:ti_sysbios_knl_Event_Object__DESC__C 
*          0    00001130    00000020     
                  00001130    00000020     app_ble_pem3.oem3 (.const:ti_sysbios_knl_Event_Object__DESC__C)

.const:ti_sysbios_knl_Mailbox_Object__DESC__C 
*          0    00001150    00000020     
                  00001150    00000020     app_ble_pem3.oem3 (.const:ti_sysbios_knl_Mailbox_Object__DESC__C)

.const:ti_sysbios_knl_Queue_Object__DESC__C 
*          0    00001170    00000020     
                  00001170    00000020     app_ble_pem3.oem3 (.const:ti_sysbios_knl_Queue_Object__DESC__C)

.const:ti_sysbios_knl_Semaphore_Object__DESC__C 
*          0    00001190    00000020     
                  00001190    00000020     app_ble_pem3.oem3 (.const:ti_sysbios_knl_Semaphore_Object__DESC__C)

.const:ti_sysbios_knl_Swi_Object__DESC__C 
*          0    000011b0    00000020     
                  000011b0    00000020     app_ble_pem3.oem3 (.const:ti_sysbios_knl_Swi_Object__DESC__C)

.const:ti_sysbios_knl_Task_Object__DESC__C 
*          0    000011d0    00000020     
                  000011d0    00000020     app_ble_pem3.oem3 (.const:ti_sysbios_knl_Task_Object__DESC__C)

.const:ti_sysbios_knl_Idle_funcList__C 
*          0    000011f0    00000008     
                  000011f0    00000008     app_ble_pem3.oem3 (.const:ti_sysbios_knl_Idle_funcList__C)

.const:ti_sysbios_family_arm_cc26xx_Timer_startupNeeded__C 
*          0    000011f8    00000004     
                  000011f8    00000004     app_ble_pem3.oem3 (.const:ti_sysbios_family_arm_cc26xx_Timer_startupNeeded__C)

.const:ti_sysbios_family_arm_m3_Hwi_E_alreadyDefined__C 
*          0    000011fc    00000004     
                  000011fc    00000004     app_ble_pem3.oem3 (.const:ti_sysbios_family_arm_m3_Hwi_E_alreadyDefined__C)

.const:ti_sysbios_family_arm_m3_Hwi_E_hwiLimitExceeded__C 
*          0    00001200    00000004     
                  00001200    00000004     app_ble_pem3.oem3 (.const:ti_sysbios_family_arm_m3_Hwi_E_hwiLimitExceeded__C)

.const:ti_sysbios_family_arm_m3_Hwi_NUM_INTERRUPTS__C 
*          0    00001204    00000004     
                  00001204    00000004     app_ble_pem3.oem3 (.const:ti_sysbios_family_arm_m3_Hwi_NUM_INTERRUPTS__C)

.const:ti_sysbios_family_arm_m3_Hwi_Object__count__C 
*          0    00001208    00000004     
                  00001208    00000004     app_ble_pem3.oem3 (.const:ti_sysbios_family_arm_m3_Hwi_Object__count__C)

.const:ti_sysbios_family_arm_m3_Hwi_Object__table__C 
*          0    0000120c    00000004     
                  0000120c    00000004     app_ble_pem3.oem3 (.const:ti_sysbios_family_arm_m3_Hwi_Object__table__C)

.const:ti_sysbios_family_arm_m3_Hwi_ccr__C 
*          0    00001210    00000004     
                  00001210    00000004     app_ble_pem3.oem3 (.const:ti_sysbios_family_arm_m3_Hwi_ccr__C)

.const:ti_sysbios_family_arm_m3_Hwi_excHandlerFunc__C 
*          0    00001214    00000004     
                  00001214    00000004     app_ble_pem3.oem3 (.const:ti_sysbios_family_arm_m3_Hwi_excHandlerFunc__C)

.const:ti_sysbios_family_arm_m3_Hwi_nullIsrFunc__C 
*          0    00001218    00000004     
                  00001218    00000004     app_ble_pem3.oem3 (.const:ti_sysbios_family_arm_m3_Hwi_nullIsrFunc__C)

.const:ti_sysbios_family_arm_m3_Hwi_numSparseInterrupts__C 
*          0    0000121c    00000004     
                  0000121c    00000004     app_ble_pem3.oem3 (.const:ti_sysbios_family_arm_m3_Hwi_numSparseInterrupts__C)

.const:ti_sysbios_family_arm_m3_Hwi_priGroup__C 
*          0    00001220    00000004     
                  00001220    00000004     app_ble_pem3.oem3 (.const:ti_sysbios_family_arm_m3_Hwi_priGroup__C)

.const:ti_sysbios_family_arm_m3_TaskSupport_stackAlignment__C 
*          0    00001224    00000004     
                  00001224    00000004     app_ble_pem3.oem3 (.const:ti_sysbios_family_arm_m3_TaskSupport_stackAlignment__C)

.const:ti_sysbios_heaps_HeapMem_E_memory__C 
*          0    00001228    00000004     
                  00001228    00000004     app_ble_pem3.oem3 (.const:ti_sysbios_heaps_HeapMem_E_memory__C)

.const:ti_sysbios_heaps_HeapMem_Module__gateObj__C 
*          0    0000122c    00000004     
                  0000122c    00000004     app_ble_pem3.oem3 (.const:ti_sysbios_heaps_HeapMem_Module__gateObj__C)

.const:ti_sysbios_heaps_HeapMem_Object__count__C 
*          0    00001230    00000004     
                  00001230    00000004     app_ble_pem3.oem3 (.const:ti_sysbios_heaps_HeapMem_Object__count__C)

.const:ti_sysbios_heaps_HeapMem_Object__table__C 
*          0    00001234    00000004     
                  00001234    00000004     app_ble_pem3.oem3 (.const:ti_sysbios_heaps_HeapMem_Object__table__C)

.const:ti_sysbios_heaps_HeapMem_reqAlign__C 
*          0    00001238    00000004     
                  00001238    00000004     app_ble_pem3.oem3 (.const:ti_sysbios_heaps_HeapMem_reqAlign__C)

.const:ti_sysbios_knl_Clock_triggerClock__C 
*          0    0000123c    00000004     
                  0000123c    00000004     app_ble_pem3.oem3 (.const:ti_sysbios_knl_Clock_triggerClock__C)

.const:ti_sysbios_knl_Mailbox_Object__count__C 
*          0    00001240    00000004     
                  00001240    00000004     app_ble_pem3.oem3 (.const:ti_sysbios_knl_Mailbox_Object__count__C)

.const:ti_sysbios_knl_Mailbox_Object__table__C 
*          0    00001244    00000004     
                  00001244    00000004     app_ble_pem3.oem3 (.const:ti_sysbios_knl_Mailbox_Object__table__C)

.const:ti_sysbios_knl_Mailbox_maxTypeAlign__C 
*          0    00001248    00000004     
                  00001248    00000004     app_ble_pem3.oem3 (.const:ti_sysbios_knl_Mailbox_maxTypeAlign__C)

.const:ti_sysbios_knl_Queue_Object__count__C 
*          0    0000124c    00000004     
                  0000124c    00000004     app_ble_pem3.oem3 (.const:ti_sysbios_knl_Queue_Object__count__C)

.const:ti_sysbios_knl_Queue_Object__table__C 
*          0    00001250    00000004     
                  00001250    00000004     app_ble_pem3.oem3 (.const:ti_sysbios_knl_Queue_Object__table__C)

.const:ti_sysbios_knl_Semaphore_eventPost__C 
*          0    00001254    00000004     
                  00001254    00000004     app_ble_pem3.oem3 (.const:ti_sysbios_knl_Semaphore_eventPost__C)

.const:ti_sysbios_knl_Semaphore_eventSync__C 
*          0    00001258    00000004     
                  00001258    00000004     app_ble_pem3.oem3 (.const:ti_sysbios_knl_Semaphore_eventSync__C)

.const:ti_sysbios_knl_Swi_Object__count__C 
*          0    0000125c    00000004     
                  0000125c    00000004     app_ble_pem3.oem3 (.const:ti_sysbios_knl_Swi_Object__count__C)

.const:ti_sysbios_knl_Swi_Object__table__C 
*          0    00001260    00000004     
                  00001260    00000004     app_ble_pem3.oem3 (.const:ti_sysbios_knl_Swi_Object__table__C)

.const:ti_sysbios_knl_Swi_numPriorities__C 
*          0    00001264    00000004     
                  00001264    00000004     app_ble_pem3.oem3 (.const:ti_sysbios_knl_Swi_numPriorities__C)

.const:ti_sysbios_knl_Task_Object__count__C 
*          0    00001268    00000004     
                  00001268    00000004     app_ble_pem3.oem3 (.const:ti_sysbios_knl_Task_Object__count__C)

.const:ti_sysbios_knl_Task_Object__table__C 
*          0    0000126c    00000004     
                  0000126c    00000004     app_ble_pem3.oem3 (.const:ti_sysbios_knl_Task_Object__table__C)

.const:ti_sysbios_knl_Task_allBlockedFunc__C 
*          0    00001270    00000004     
                  00001270    00000004     app_ble_pem3.oem3 (.const:ti_sysbios_knl_Task_allBlockedFunc__C)

.const:ti_sysbios_knl_Task_defaultStackHeap__C 
*          0    00001274    00000004     
                  00001274    00000004     app_ble_pem3.oem3 (.const:ti_sysbios_knl_Task_defaultStackHeap__C)

.const:ti_sysbios_knl_Task_defaultStackSize__C 
*          0    00001278    00000004     
                  00001278    00000004     app_ble_pem3.oem3 (.const:ti_sysbios_knl_Task_defaultStackSize__C)

.const:ti_sysbios_knl_Task_numConstructedTasks__C 
*          0    0000127c    00000004     
                  0000127c    00000004     app_ble_pem3.oem3 (.const:ti_sysbios_knl_Task_numConstructedTasks__C)

.const:ti_sysbios_family_arm_cc26xx_Timer_Module__id__C 
*          0    00001280    00000002     
                  00001280    00000002     app_ble_pem3.oem3 (.const:ti_sysbios_family_arm_cc26xx_Timer_Module__id__C)

.const:ti_sysbios_family_arm_cc26xx_TimestampProvider_useClockTimer__C 
*          0    00001282    00000002     
                  00001282    00000002     app_ble_pem3.oem3 (.const:ti_sysbios_family_arm_cc26xx_TimestampProvider_useClockTimer__C)

.const:ti_sysbios_family_arm_m3_Hwi_Module__id__C 
*          0    00001284    00000002     
                  00001284    00000002     app_ble_pem3.oem3 (.const:ti_sysbios_family_arm_m3_Hwi_Module__id__C)

.const:ti_sysbios_gates_GateHwi_Module__id__C 
*          0    00001286    00000002     
                  00001286    00000002     app_ble_pem3.oem3 (.const:ti_sysbios_gates_GateHwi_Module__id__C)

.const:ti_sysbios_gates_GateMutex_Module__id__C 
*          0    00001288    00000002     
                  00001288    00000002     app_ble_pem3.oem3 (.const:ti_sysbios_gates_GateMutex_Module__id__C)

.const:ti_sysbios_heaps_HeapMem_Module__id__C 
*          0    0000128a    00000002     
                  0000128a    00000002     app_ble_pem3.oem3 (.const:ti_sysbios_heaps_HeapMem_Module__id__C)

.const:ti_sysbios_knl_Task_initStackFlag__C 
*          0    0000128c    00000002     
                  0000128c    00000002     app_ble_pem3.oem3 (.const:ti_sysbios_knl_Task_initStackFlag__C)

.const:ti_sysbios_knl_Clock_tickMode__C 
*          0    0000128e    00000001     
                  0000128e    00000001     app_ble_pem3.oem3 (.const:ti_sysbios_knl_Clock_tickMode__C)

.const:xdc_runtime_Startup_firstFxns__C 
*          0    00001290    00000008     
                  00001290    00000008     app_ble_pem3.oem3 (.const:xdc_runtime_Startup_firstFxns__C)

.const:xdc_runtime_Startup_lastFxns__C 
*          0    00001298    00000008     
                  00001298    00000008     app_ble_pem3.oem3 (.const:xdc_runtime_Startup_lastFxns__C)

.const:xdc_runtime_Assert_E_assertFailed__C 
*          0    000012a0    00000004     
                  000012a0    00000004     app_ble_pem3.oem3 (.const:xdc_runtime_Assert_E_assertFailed__C)

.const:xdc_runtime_Error_E_memory__C 
*          0    000012a4    00000004     
                  000012a4    00000004     app_ble_pem3.oem3 (.const:xdc_runtime_Error_E_memory__C)

.const:xdc_runtime_Error_policyFxn__C 
*          0    000012a8    00000004     
                  000012a8    00000004     app_ble_pem3.oem3 (.const:xdc_runtime_Error_policyFxn__C)

.const:xdc_runtime_Error_raiseHook__C 
*          0    000012ac    00000004     
                  000012ac    00000004     app_ble_pem3.oem3 (.const:xdc_runtime_Error_raiseHook__C)

.const:xdc_runtime_IGateProvider_Interface__BASE__C 
*          0    000012b0    00000004     
                  000012b0    00000004     app_ble_pem3.oem3 (.const:xdc_runtime_IGateProvider_Interface__BASE__C)

.const:xdc_runtime_IHeap_Interface__BASE__C 
*          0    000012b4    00000004     
                  000012b4    00000004     app_ble_pem3.oem3 (.const:xdc_runtime_IHeap_Interface__BASE__C)

.const:xdc_runtime_IModule_Interface__BASE__C 
*          0    000012b8    00000004     
                  000012b8    00000004     app_ble_pem3.oem3 (.const:xdc_runtime_IModule_Interface__BASE__C)

.const:xdc_runtime_Memory_defaultHeapInstance__C 
*          0    000012bc    00000004     
                  000012bc    00000004     app_ble_pem3.oem3 (.const:xdc_runtime_Memory_defaultHeapInstance__C)

.const:xdc_runtime_Startup_execImpl__C 
*          0    000012c0    00000004     
                  000012c0    00000004     app_ble_pem3.oem3 (.const:xdc_runtime_Startup_execImpl__C)

.const:xdc_runtime_Startup_maxPasses__C 
*          0    000012c4    00000004     
                  000012c4    00000004     app_ble_pem3.oem3 (.const:xdc_runtime_Startup_maxPasses__C)

.const:xdc_runtime_Startup_sfxnRts__C 
*          0    000012c8    00000004     
                  000012c8    00000004     app_ble_pem3.oem3 (.const:xdc_runtime_Startup_sfxnRts__C)

.const:xdc_runtime_Startup_sfxnTab__C 
*          0    000012cc    00000004     
                  000012cc    00000004     app_ble_pem3.oem3 (.const:xdc_runtime_Startup_sfxnTab__C)

.const:xdc_runtime_Startup_startModsFxn__C 
*          0    000012d0    00000004     
                  000012d0    00000004     app_ble_pem3.oem3 (.const:xdc_runtime_Startup_startModsFxn__C)

.const:xdc_runtime_SysCallback_abortFxn__C 
*          0    000012d4    00000004     
                  000012d4    00000004     app_ble_pem3.oem3 (.const:xdc_runtime_SysCallback_abortFxn__C)

.const:xdc_runtime_SysCallback_exitFxn__C 
*          0    000012d8    00000004     
                  000012d8    00000004     app_ble_pem3.oem3 (.const:xdc_runtime_SysCallback_exitFxn__C)

.const:xdc_runtime_System_abortFxn__C 
*          0    000012dc    00000004     
                  000012dc    00000004     app_ble_pem3.oem3 (.const:xdc_runtime_System_abortFxn__C)

.const:xdc_runtime_System_exitFxn__C 
*          0    000012e0    00000004     
                  000012e0    00000004     app_ble_pem3.oem3 (.const:xdc_runtime_System_exitFxn__C)

.const:xdc_runtime_System_maxAtexitHandlers__C 
*          0    000012e4    00000004     
                  000012e4    00000004     app_ble_pem3.oem3 (.const:xdc_runtime_System_maxAtexitHandlers__C)

.const:xdc_runtime_Text_charTab__C 
*          0    000012e8    00000004     
                  000012e8    00000004     app_ble_pem3.oem3 (.const:xdc_runtime_Text_charTab__C)

.const:xdc_runtime_Text_nameEmpty__C 
*          0    000012ec    00000004     
                  000012ec    00000004     app_ble_pem3.oem3 (.const:xdc_runtime_Text_nameEmpty__C)

.const:xdc_runtime_Text_nameStatic__C 
*          0    000012f0    00000004     
                  000012f0    00000004     app_ble_pem3.oem3 (.const:xdc_runtime_Text_nameStatic__C)

.const:xdc_runtime_Text_nameUnknown__C 
*          0    000012f4    00000004     
                  000012f4    00000004     app_ble_pem3.oem3 (.const:xdc_runtime_Text_nameUnknown__C)

.const:xdc_runtime_Error_maxDepth__C 
*          0    000012f8    00000002     
                  000012f8    00000002     app_ble_pem3.oem3 (.const:xdc_runtime_Error_maxDepth__C)

.const:xdc_runtime_Memory_Module__id__C 
*          0    000012fa    00000002     
                  000012fa    00000002     app_ble_pem3.oem3 (.const:xdc_runtime_Memory_Module__id__C)

.const:xdc_runtime_Text_charCnt__C 
*          0    000012fc    00000002     
                  000012fc    00000002     app_ble_pem3.oem3 (.const:xdc_runtime_Text_charCnt__C)

.const:xdc_runtime_Text_isLoaded__C 
*          0    000012fe    00000002     
                  000012fe    00000002     app_ble_pem3.oem3 (.const:xdc_runtime_Text_isLoaded__C)

.const:xdc_runtime_Error_policy__C 
*          0    00001300    00000001     
                  00001300    00000001     app_ble_pem3.oem3 (.const:xdc_runtime_Error_policy__C)

.const:ti_sysbios_rom_ROM_ti_sysbios_family_arm_cc26xx_Timer_getCount64__E 
*          0    00001304    00000004     
                  00001304    00000004     app_ble_pem3.oem3 (.const:ti_sysbios_rom_ROM_ti_sysbios_family_arm_cc26xx_Timer_getCount64__E)

.const:ti_sysbios_rom_ROM_ti_sysbios_family_arm_cc26xx_Timer_getCurrentTick__E 
*          0    00001308    00000004     
                  00001308    00000004     app_ble_pem3.oem3 (.const:ti_sysbios_rom_ROM_ti_sysbios_family_arm_cc26xx_Timer_getCurrentTick__E)

.const:ti_sysbios_rom_ROM_ti_sysbios_family_arm_cc26xx_Timer_getMaxTicks__E 
*          0    0000130c    00000004     
                  0000130c    00000004     app_ble_pem3.oem3 (.const:ti_sysbios_rom_ROM_ti_sysbios_family_arm_cc26xx_Timer_getMaxTicks__E)

.const:ti_sysbios_rom_ROM_ti_sysbios_family_arm_cc26xx_Timer_initDevice__I 
*          0    00001310    00000004     
                  00001310    00000004     app_ble_pem3.oem3 (.const:ti_sysbios_rom_ROM_ti_sysbios_family_arm_cc26xx_Timer_initDevice__I)

.const:ti_sysbios_rom_ROM_ti_sysbios_family_arm_cc26xx_Timer_setNextTick__E 
*          0    00001314    00000004     
                  00001314    00000004     app_ble_pem3.oem3 (.const:ti_sysbios_rom_ROM_ti_sysbios_family_arm_cc26xx_Timer_setNextTick__E)

.const:ti_sysbios_rom_ROM_ti_sysbios_family_arm_cc26xx_Timer_setThreshold__I 
*          0    00001318    00000004     
                  00001318    00000004     app_ble_pem3.oem3 (.const:ti_sysbios_rom_ROM_ti_sysbios_family_arm_cc26xx_Timer_setThreshold__I)

.const:ti_sysbios_rom_ROM_ti_sysbios_family_arm_cc26xx_Timer_start__E 
*          0    0000131c    00000004     
                  0000131c    00000004     app_ble_pem3.oem3 (.const:ti_sysbios_rom_ROM_ti_sysbios_family_arm_cc26xx_Timer_start__E)

.const:ti_sysbios_rom_ROM_ti_sysbios_family_arm_cc26xx_TimestampProvider_get32__E 
*          0    00001320    00000004     
                  00001320    00000004     app_ble_pem3.oem3 (.const:ti_sysbios_rom_ROM_ti_sysbios_family_arm_cc26xx_TimestampProvider_get32__E)

.const:ti_sysbios_rom_ROM_xdc_runtime_Startup_getState__I 
*          0    00001324    00000004     
                  00001324    00000004     app_ble_pem3.oem3 (.const:ti_sysbios_rom_ROM_xdc_runtime_Startup_getState__I)

.const:ti_sysbios_rom_ROM_xdc_runtime_System_SupportProxy_abort__E 
*          0    00001328    00000004     
                  00001328    00000004     app_ble_pem3.oem3 (.const:ti_sysbios_rom_ROM_xdc_runtime_System_SupportProxy_abort__E)

.const:ti_sysbios_rom_ROM_xdc_runtime_System_SupportProxy_exit__E 
*          0    0000132c    00000004     
                  0000132c    00000004     app_ble_pem3.oem3 (.const:ti_sysbios_rom_ROM_xdc_runtime_System_SupportProxy_exit__E)

.data:ti_sysbios_knl_Task_Module__state__V 
*          0    20000100    00000044     UNINITIALIZED
                  20000100    00000044     app_ble_pem3.oem3 (.data:ti_sysbios_knl_Task_Module__state__V)

.data:ti_sysbios_family_arm_m3_Hwi_Module__state__V 
*          0    20000144    00000034     UNINITIALIZED
                  20000144    00000034     app_ble_pem3.oem3 (.data:ti_sysbios_family_arm_m3_Hwi_Module__state__V)

.data:ti_sysbios_knl_Clock_Module__state__V 
*          0    20000178    0000002c     UNINITIALIZED
                  20000178    0000002c     app_ble_pem3.oem3 (.data:ti_sysbios_knl_Clock_Module__state__V)

.data:ti_sysbios_BIOS_Module__state__V 
*          0    200001a4    00000024     UNINITIALIZED
                  200001a4    00000024     app_ble_pem3.oem3 (.data:ti_sysbios_BIOS_Module__state__V)

.data:ti_sysbios_knl_Swi_Module__state__V 
*          0    200001c8    0000001c     UNINITIALIZED
                  200001c8    0000001c     app_ble_pem3.oem3 (.data:ti_sysbios_knl_Swi_Module__state__V)

.data:ti_sysbios_family_arm_cc26xx_Timer_Module__state__V 
*          0    200001e4    00000008     UNINITIALIZED
                  200001e4    00000008     app_ble_pem3.oem3 (.data:ti_sysbios_family_arm_cc26xx_Timer_Module__state__V)

.data:ti_sysbios_family_arm_cc26xx_TimestampProvider_Module__state__V 
*          0    200001ec    00000004     UNINITIALIZED
                  200001ec    00000004     app_ble_pem3.oem3 (.data:ti_sysbios_family_arm_cc26xx_TimestampProvider_Module__state__V)

.data:xdc_runtime_Startup_Module__state__V 
*          0    200001f0    00000008     UNINITIALIZED
                  200001f0    00000008     app_ble_pem3.oem3 (.data:xdc_runtime_Startup_Module__state__V)

.data:xdc_runtime_System_Module__state__V 
*          0    200001f8    00000008     UNINITIALIZED
                  200001f8    00000008     app_ble_pem3.oem3 (.data:xdc_runtime_System_Module__state__V)

.data:xdc_runtime_Memory_Module__state__V 
*          0    20000200    00000004     UNINITIALIZED
                  20000200    00000004     app_ble_pem3.oem3 (.data:xdc_runtime_Memory_Module__state__V)

.data:xdc_runtime_Error_Module__state__V 
*          0    20000204    00000002     UNINITIALIZED
                  20000204    00000002     app_ble_pem3.oem3 (.data:xdc_runtime_Error_Module__state__V)

.bootVecs 
*          0    00000000    00000008     DSECT
                  00000000    00000008     boot.aem3 : boot.oem3 (.bootVecs)

.resetVecs 
*          0    00000000    0000003c     
                  00000000    0000003c     app_ble_pem3.oem3 (.resetVecs)

.vecs      0    20000000    000000c8     NOLOAD SECTION
                  20000000    000000c8     app_ble_pem3.oem3 (.vecs)

xdc.meta   0    00000000    00000102     COPY SECTION
                  00000000    00000102     app_ble_pem3.oem3 (xdc.meta)

xdc.noload 
*          0    00000000    00000000     COPY SECTION

.cinit     0    00018168    000005dc     
                  00018168    00000493     (.cinit..data.load) [load image, compression = lzss]
                  000185fb    00000029     (.cinit..data:ti_sysbios_family_arm_m3_Hwi_Module__state__V.load) [load image, compression = lzss]
                  00018624    00000021     (.cinit..data:ti_sysbios_knl_Task_Module__state__V.load) [load image, compression = lzss]
                  00018645    0000001f     (.cinit..data:ti_sysbios_BIOS_Module__state__V.load) [load image, compression = lzss]
                  00018664    0000001e     (.cinit..data:ti_sysbios_knl_Clock_Module__state__V.load) [load image, compression = lzss]
                  00018682    00000010     (.cinit..data:ti_sysbios_knl_Swi_Module__state__V.load) [load image, compression = lzss]
                  00018692    00000002     --HOLE-- [fill = 0]
                  00018694    0000000c     (__TI_handler_table)
                  000186a0    0000000b     (.cinit..data:ti_sysbios_family_arm_cc26xx_Timer_Module__state__V.load) [load image, compression = lzss]
                  000186ab    00000005     --HOLE-- [fill = 0]
                  000186b0    00000008     (.cinit..bss.load) [load image, compression = zero_init]
                  000186b8    00000008     (.cinit..data:xdc_runtime_Memory_Module__state__V.load) [load image, compression = lzss]
                  000186c0    00000007     (.cinit..data:ti_sysbios_family_arm_cc26xx_TimestampProvider_Module__state__V.load) [load image, compression = lzss]
                  000186c7    00000007     (.cinit..data:xdc_runtime_Startup_Module__state__V.load) [load image, compression = lzss]
                  000186ce    00000007     (.cinit..data:xdc_runtime_System_Module__state__V.load) [load image, compression = lzss]
                  000186d5    00000006     (.cinit..data:xdc_runtime_Error_Module__state__V.load) [load image, compression = lzss]
                  000186db    00000001     --HOLE-- [fill = 0]
                  000186dc    00000068     (__TI_cinit_table)

.init_array 
*          0    00000000    00000000     UNINITIALIZED

.snvSectors 
*          0    0001d000    00002000     
                  0001d000    00002000     multi_role_cc2640r2lp_stack_library.lib : osal_snv_wrapper.obj (.snvSectors:retain)

.ccfg      0    0001ffa8    00000058     
                  0001ffa8    00000058     ccfg_app_ble.obj (.ccfg:retain)

.data      0    20000208    00000f18     UNINITIALIZED
                  20000208    00000174     multi_role_cc2640r2lp_stack_library.lib : gapbondmgr.obj (.data:$O1$$)
                  2000037c    00000130     devinfoservice.obj (.data:devInfoAttrTbl)
                  200004ac    00000114     drivers_cc26x0r2.aem3 : PINCC26XX.oem3 (.data:$O1$$)
                  200005c0    00000114                           : PowerCC26XX.oem3 (.data:PowerCC26XX_module)
                  200006d4    00000110     simple_gatt_profile.obj (.data:simpleProfileAttrTbl)
                  200007e4    00000090     cc26xx_profiles_pcxx.a : gapgattserver.o (.data)
                  20000874    00000084     multi_role_menu.obj (.data:mrMenuConnect)
                  200008f8    0000007c     multi_role_cc2640r2lp_stack_library.lib : osal_cbtimer.obj (.data:$O1$$)
                  20000974    00000058     drivers_cc26x0r2.aem3 : CryptoResourceCC26XX.oem3 (.data:$O1$$)
                  200009cc    00000058     cc26xx_gap_pcxx.a : gap_configmgr.o (.data)
                  20000a24    0000004c     multi_role_menu.obj (.data:mrMenuConnUpdate)
                  20000a70    0000004c     multi_role_menu.obj (.data:mrMenuDisconnect)
                  20000abc    0000004c     multi_role_menu.obj (.data:mrMenuGattRw)
                  20000b08    0000004c     app_ble_pem3.oem3 (.data:ti_sysbios_knl_Task_Object__table__V)
                  20000b54    00000004     multi_role_cc2640r2lp_stack_library.lib : osal_pwrmgr.obj (.data:$O1$$)
                  20000b58    00000048     app_ble_pem3.oem3 (.data:ti_sysbios_family_arm_cc26xx_Timer_Object__table__V)
                  20000ba0    0000003c     multi_role_menu.obj (.data:mrMenuMain)
                  20000bdc    00000038     cc2640_ctrlll_pcxx.a : ll_config.o (.data)
                  20000c14    00000038     app_ble_pem3.oem3 (.data:ti_sysbios_gates_GateMutex_Object__table__V)
                  20000c4c    00000030     ble_user_config.obj (.data:rfRegTbl)
                  20000c7c    00000030     app_ble_pem3.oem3 (.data:ti_sysbios_knl_Swi_Module_State_0_readyQ__A)
                  20000cac    00000030     app_ble_pem3.oem3 (.data:ti_sysbios_knl_Swi_Object__table__V)
                  20000cdc    00000030     app_ble_pem3.oem3 (.data:ti_sysbios_knl_Task_Module_State_0_readyQ__A)
                  20000d0c    00000028     multi_role_cc2640r2lp_stack_library.lib : osal.obj (.data:$O1$$)
                  20000d34    00000024     cc26xx_profiles_pcxx.a : gapgattserver.o (.data)
                  20000d58    00000020     ECCROMCC26XX.obj (.data:K2_mont)
                  20000d78    00000020     app_ble_pem3.oem3 (.data:ti_sysbios_knl_Clock_Object__table__V)
                  20000d98    00000020     app_ble_pem3.oem3 (.data:xdc_runtime_Error_IgnoreBlock)
                  20000db8    0000001f     multi.obj (.data:gapRole_AdvertData)
                  20000dd7    0000001f     multi.obj (.data:gapRole_ScanRspData)
                  20000df6    00000002     app_ble_pem3.oem3 (.data:ti_sysbios_family_arm_m3_Hwi_Module_State_0_excActive__A)
                  20000df8    0000001d     icall.obj (.data)
                  20000e15    00000001     ECCROMCC26XX.obj (.data)
                  20000e16    00000001     TRNGCC26XX.obj (.data)
                  20000e17    00000001     cc2640_ctrlll_pcxx.a : ll_common.o (.data)
                  20000e18    0000001c     multi_role.obj (.data)
                  20000e34    00000018     app_ble_pem3.oem3 (.data:ti_sysbios_family_arm_m3_Hwi_Object__table__V)
                  20000e4c    00000015     multi_role.obj (.data:attDeviceName)
                  20000e61    00000015     devinfoservice.obj (.data:devInfoFirmwareRev)
                  20000e76    00000015     devinfoservice.obj (.data:devInfoHardwareRev)
                  20000e8b    00000015     devinfoservice.obj (.data:devInfoMfrName)
                  20000ea0    00000015     devinfoservice.obj (.data:devInfoModelNumber)
                  20000eb5    00000015     devinfoservice.obj (.data:devInfoSerialNumber)
                  20000eca    00000015     devinfoservice.obj (.data:devInfoSoftwareRev)
                  20000edf    00000011     simple_gatt_profile.obj (.data:simpleProfileChar1UserDesp)
                  20000ef0    00000011     simple_gatt_profile.obj (.data:simpleProfileChar2UserDesp)
                  20000f01    00000011     simple_gatt_profile.obj (.data:simpleProfileChar3UserDesp)
                  20000f12    00000011     simple_gatt_profile.obj (.data:simpleProfileChar4UserDesp)
                  20000f23    00000011     simple_gatt_profile.obj (.data:simpleProfileChar5UserDesp)
                  20000f34    00000010     icall_user_config.obj (.data:bleAppServiceInfoTable)
                  20000f44    00000010     cc26xx_gap_pcxx.a : gap_centdevmgr.o (.data)
                  20000f54    00000010     cc26xx_profiles_pcxx.a : gattservapp.o (.data)
                  20000f64    00000010     cc26xx_sm_pcxx.a : sm_intpairing.o (.data)
                  20000f74    00000010     icall_api_lite.obj (.data)
                  20000f84    00000010     ble_user_config.obj (.data:rfModeOverride)
                  20000f94    00000010     main.obj (.data:user0Cfg)
                  20000fa4    0000000f     multi_role.obj (.data:scanRspData)
                  20000fb3    0000000e     devinfoservice.obj (.data:defaultDevInfo11073Cert)
                  20000fc1    00000001     cc2640_ctrlll_pcxx.a : ll_data.o (.data)
                  20000fc2    00000001     cc26xx_gatt_pcxx.a : gatt_client.o (.data)
                  20000fc3    00000001     cc26xx_profiles_pcxx.a : gapgattserver.o (.data)
                  20000fc4    0000000e     devinfoservice.obj (.data)
                  20000fd2    00000001     cc26xx_profiles_pcxx.a : gapgattserver.o (.data)
                  20000fd3    00000001                            : gapgattserver.o (.data)
                  20000fd4    0000000d     simple_gatt_profile.obj (.data)
                  20000fe1    00000001     cc26xx_profiles_pcxx.a : gapgattserver.o (.data)
                  20000fe2    00000001     drivers_cc26x0r2.aem3 : CryptoCC26XX.oem3 (.data)
                  20000fe3    00000001                           : UART.oem3 (.data)
                  20000fe4    0000000c     cc2640_ctrlll_pcxx.a : ll_data.o (.data)
                  20000ff0    0000000c     multi.obj (.data:gapRole_updateConnParams)
                  20000ffc    0000000c     multi.obj (.data)
                  20001008    0000000c     app_ble_pem3.oem3 (.data:ti_sysbios_heaps_HeapCallback_Object__table__V)
                  20001014    0000000c     multi_role.obj (.data:updateParams)
                  20001020    00000008     multi_role_cc2640r2lp_stack_library.lib : osal_clock.obj (.data:$O1$$)
                  20001028    00000008     rtsv7M3_T_le_eabi.lib : _lock.c.obj (.data:$O1$$)
                  20001030    00000008     cc26xx_gap_pcxx.a : gap_centlinkmgr.o (.data)
                  20001038    00000008     devinfoservice.obj (.data:devInfoSystemId)
                  20001040    00000008     icall_cc2650.obj (.data)
                  20001048    00000008     multi_role.obj (.data:multi_role_BondMgrCBs)
                  20001050    00000008     multi_role.obj (.data:multi_role_gapRoleCBs)
                  20001058    00000008     app_ble_pem3.oem3 (.data:ti_sysbios_family_arm_m3_Hwi_Module__root__V)
                  20001060    00000008     app_ble_pem3.oem3 (.data:ti_sysbios_gates_GateHwi_Module__root__V)
                  20001068    00000008     app_ble_pem3.oem3 (.data:ti_sysbios_gates_GateMutex_Module__root__V)
                  20001070    00000008     app_ble_pem3.oem3 (.data:ti_sysbios_hal_Hwi_Module__root__V)
                  20001078    00000008     app_ble_pem3.oem3 (.data:ti_sysbios_heaps_HeapCallback_Module__root__V)
                  20001080    00000008     app_ble_pem3.oem3 (.data:ti_sysbios_heaps_HeapMem_Module__root__V)
                  20001088    00000008     app_ble_pem3.oem3 (.data:ti_sysbios_knl_Clock_Module__root__V)
                  20001090    00000008     app_ble_pem3.oem3 (.data:ti_sysbios_knl_Event_Module__root__V)
                  20001098    00000008     app_ble_pem3.oem3 (.data:ti_sysbios_knl_Mailbox_Module__root__V)
                  200010a0    00000008     app_ble_pem3.oem3 (.data:ti_sysbios_knl_Queue_Module__root__V)
                  200010a8    00000008     app_ble_pem3.oem3 (.data:ti_sysbios_knl_Semaphore_Module__root__V)
                  200010b0    00000008     app_ble_pem3.oem3 (.data:ti_sysbios_knl_Swi_Module__root__V)
                  200010b8    00000008     app_ble_pem3.oem3 (.data:ti_sysbios_knl_Task_Module__root__V)
                  200010c0    00000008     app_ble_pem3.oem3 (.data:xdc_runtime_Registry_Module__state__V)
                  200010c8    00000007     multi_role.obj (.data:advertData)
                  200010cf    00000007     devinfoservice.obj (.data:devInfoPnpId)
                  200010d6    00000001     multi_role_cc2640r2lp_stack_library.lib : npi.obj (.data)
                  200010d7    00000001     --HOLE--
                  200010d8    00000007     hal_assert.obj (.data)
                  200010df    00000006     multi.obj (.data:gapRole_AdvDirectAddr)
                  200010e5    00000005     simple_gatt_profile.obj (.data:simpleProfileChar5)
                  200010ea    00000002     --HOLE--
                  200010ec    00000005     two_btn_menu.obj (.data)
                  200010f1    00000003     --HOLE--
                  200010f4    00000004     icall.obj (.data:ICall_initParams)
                  200010f8    00000004     ble_user_config.obj (.data)
                  200010fc    00000004     board_key.obj (.data)
                  20001100    00000004     board_key.obj (.data:keyPinsCfg)
                  20001104    00000004     multi_role_cc2640r2lp_stack_library.lib : ble_user_config.obj (.data)
                  20001108    00000004                                             : osal_bufmgr.obj (.data)
                  2000110c    00000004     multi_role.obj (.data:multi_role_simpleProfileCBs)
                  20001110    00000004     rtsv7M3_T_le_eabi.lib : stkdepth_vars.c.obj (.data)
                  20001114    00000004     app_ble_pem3.oem3 (.data:ti_sysbios_family_arm_m3_Hwi_Module_State_0_excContext__A)
                  20001118    00000004     app_ble_pem3.oem3 (.data:ti_sysbios_family_arm_m3_Hwi_Module_State_0_excStack__A)
                  2000111c    00000004     app_ble_pem3.oem3 (.data:ti_sysbios_knl_Task_Module_State_0_idleTask__A)

.bss       0    20001120    000011a4     UNINITIALIZED
                  20001120    00000264     (.common:mrTaskStack)
                  20001384    0000021c     (.common:gapRoleTaskStack)
                  200015a0    00000200     RFCC26XX_singleMode.obj (.bss:RF_cmdPool)
                  200017a0    00000200     app_ble_pem3.oem3 (.bss:taskStackSection)
                  200019a0    0000015c     multi_role.obj (.bss:devList)
                  20001afc    0000012c     (.common:uartCC26XXObjects)
                  20001c28    000000c8     (.common:ti_sysbios_family_arm_m3_Hwi_dispatchTable)
                  20001cf0    00000080     board.obj (.bss:uartStringBuf)
                  20001d70    00000078     cc2640_ctrlll_pcxx.a : ll.o (.bss)
                  20001de8    00000068     RFCC26XX_singleMode.obj (.bss:RF_ratModule)
                  20001e50    00000050     (.common:gapRoleTask)
                  20001ea0    00000050     (.common:mrTask)
                  20001ef0    00000048     icall.obj (.bss:ICall_entities)
                  20001f38    00000034     RFCC26XX_singleMode.obj (.bss:RF_swiFsmObj)
                  20001f6c    00000034     RFCC26XX_singleMode.obj (.bss:RF_swiHwObj)
                  20001fa0    0000002c     (.common:cryptoCC26XXObjects)
                  20001fcc    00000028     cc2640_ctrlll_pcxx.a : ll_scan_end_causes.o (.bss)
                  20001ff4    00000024     icall.obj (.bss:ICall_tasks)
                  20002018    00000024     RFCC26XX_singleMode.obj (.bss:RF_clkInactivityObj)
                  2000203c    00000024     RFCC26XX_singleMode.obj (.bss:RF_clkPowerUpObj)
                  20002060    00000024     board_key.obj (.bss:keyChangeClock)
                  20002084    00000024     multi_role.obj (.bss:periodicClock)
                  200020a8    00000024     multi.obj (.bss:startAdvClock)
                  200020cc    00000024     multi.obj (.bss:updateTimeoutClock)
                  200020f0    0000001c     RFCC26XX_singleMode.obj (.bss:RF_cmdQ)
                  2000210c    0000001c     RFCC26XX_singleMode.obj (.bss:RF_hwiCpe0Obj)
                  20002128    0000001c     RFCC26XX_singleMode.obj (.bss:RF_hwiHwObj)
                  20002144    00000014     RFCC26XX_singleMode.obj (.bss:RF_ratSyncCmd)
                  20002158    00000014     RFCC26XX_singleMode.obj (.bss:RF_wakeupNotifyObj)
                  2000216c    00000014     multi.obj (.bss)
                  20002180    00000014     driverlib.lib : osc.obj (.bss:oscHfGlobals)
                  20002194    00000012     multi_role.obj (.bss)
                  200021a6    00000002     cc2640_ctrlll_pcxx.a : ll_slave_end_causes.o (.bss)
                  200021a8    00000011     RFCC26XX_singleMode.obj (.bss)
                  200021b9    00000001     board_key.obj (.bss)
                  200021ba    00000001     cc26xx_hci_tl_none.a : hci_tl.o (.bss)
                  200021bb    00000001                          : hci_tl.o (.bss)
                  200021bc    00000010     RFCC26XX_singleMode.obj (.bss:RF_core)
                  200021cc    00000010     multi.obj (.bss:gapRole_IRK)
                  200021dc    00000010     multi.obj (.bss:gapRole_SRK)
                  200021ec    00000010     util.obj (.bss:str$1)
                  200021fc    0000000c     multi_role_cc2640r2lp_stack_library.lib : osal_timers.obj (.bss:$O1$$)
                  20002208    0000000c     multi_role.obj (.bss:appMsg)
                  20002214    0000000c     cc2640_ctrlll_pcxx.a : ll_scheduler.o (.bss)
                  20002220    0000000c     icall.obj (.bss)
                  2000222c    0000000c     (.common:displayUartObject)
                  20002238    0000000c     (.common:keyPins)
                  20002244    00000008     dpl_cc26x0r2.aem3 : PowerCC26XX_tirtos.oem3 (.bss:$O1$$)
                  2000224c    00000008     multi_role_cc2640r2lp_stack_library.lib : osal_snv_wrapper.obj (.bss:$O1$$)
                  20002254    00000008     cc2640_ctrlll_pcxx.a : ll_common.o (.bss)
                  2000225c    00000008                          : ll_common.o (.bss)
                  20002264    00000008     multi.obj (.bss:gapRole_bdAddr)
                  2000226c    00000008     driverlib.lib : sys_ctrl.obj (.bss:powerQualGlobals)
                  20002274    00000008     two_btn_menu.obj (.bss)
                  2000227c    00000004     ECCROMCC26XX.obj (.bss)
                  20002280    00000004     cc2640_ctrlll_pcxx.a : ll.o (.bss)
                  20002284    00000004                          : ll.o (.bss)
                  20002288    00000004                          : ll.o (.bss)
                  2000228c    00000004                          : ll_common.o (.bss)
                  20002290    00000004     cc26xx_att_pcxx.a : att_client.o (.bss)
                  20002294    00000004     cc26xx_gap_pcxx.a : gap_linkmgr.o (.bss)
                  20002298    00000004     cc26xx_gatt_pcxx.a : gatt_client.o (.bss)
                  2000229c    00000004     cc26xx_profiles_pcxx.a : gapgattserver.o (.bss)
                  200022a0    00000004     simple_gatt_profile.obj (.bss)
                  200022a4    00000004     (.common:ClockP_tickPeriod)
                  200022a8    00000004     (.common:HEAPMGR_SIZE)
                  200022ac    00000004     (.common:discInfo)
                  200022b0    00000004     (.common:hKeyPins)
                  200022b4    00000004     (.common:tasksEvents)
                  200022b8    00000004     (.common:trngCC26XXObjects)
                  200022bc    00000001     cc26xx_hci_tl_none.a : hci_tl.o (.bss)
                  200022bd    00000001                          : hci_tl.o (.bss)
                  200022be    00000001                          : hci_tl.o (.bss)
                  200022bf    00000001     drivers_cc26x0r2.aem3 : CryptoCC26XX.oem3 (.bss)
                  200022c0    00000001     (.common:driverlib_release_0_56883)
                  200022c1    00000001     (.common:icall_liteTaskId)
                  200022c2    00000001     (.common:osal_entity)
                  200022c3    00000001     (.common:tbmRowItemLast)

.vtable    0    200022c4    00000000     UNINITIALIZED

.vtable_ram 
*          0    200022c4    00000000     UNINITIALIZED

vtable_ram 
*          0    200022c4    00000000     UNINITIALIZED

.sysmem    0    200022c4    00000000     UNINITIALIZED

.nonretenvar 
*          0    200022c4    00000000     UNINITIALIZED

.stack     0    20004000    00000400     UNINITIALIZED
                  20004000    00000400     --HOLE--

.text.1    0    0000003c    00000fc4     
                  0000003c    00000630     multi_role.obj (.text:multi_role_processRoleEvent)
                  0000066c    00000584     cc2640_ctrlll_pcxx.a : ble.o (.text)
                  00000bf0    00000008     ble_r2.symbols (.tramp.llMemCopySrc.1)
                  00000bf8    00000008     ble_r2.symbols (.tramp.LL_ENC_ReverseBytes.1)
                  00000c00    00000008     ble_r2.symbols (.tramp.LL_ENC_AES128_Encrypt.1)
                  00000c08    00000008     ble_r2.symbols (.tramp.LL_EncKeyRefreshCback.1)
                  00000c10    00000008     ble_r2.symbols (.tramp.LL_EncChangeCback.1)
                  00000c18    00000008     ble_r2.symbols (.tramp.llMoveTempTxDataEntries.1)
                  00000c20    00000008     ble_r2.symbols (.tramp.llSetupPingRsp.1)
                  00000c28    00000008     ble_r2.symbols (.tramp.llEnqueueCtrlPkt.1)
                  00000c30    00000008     ble_r2.symbols (.tramp.LL_RemoteConnParamReqCback.1)
                  00000c38    00000008     ble_r2.symbols (.tramp.llDequeueCtrlPkt.1)
                  00000c40    00000008     ble_r2.symbols (.tramp.llSendReject.1)
                  00000c48    00000008     ble_r2.symbols (.tramp.llReplaceCtrlPkt.1)
                  00000c50    00000008     ble_r2.symbols (.tramp.llTime2Octets.1)
                  00000c58    00000008     ble_r2.symbols (.tramp.llReplaceRxBuffers.1)
                  00000c60    00000008     ble_r2.symbols (.tramp.LL_DataLengthChangeEventCback.1)
                  00000c68    00000008     ble_r2.symbols (.tramp.llSetupUnknownRsp.1)
                  00000c70    00000378     multi.obj (.text:gapRole_processGAPMsg)
                  00000fe8    00000018     icall.obj (.text:ICall_taskEntry)

.text.2    0    00001330    00015d80     
                  00001330    000004c8     cc2640_ctrlll_pcxx.a : ll_master_end_causes.o (.text)
                  000017f8    000004b8     multi_role.obj (.text:multi_role_init)
                  00001cb0    00000498     cc2640_ctrlll_pcxx.a : ll_scheduler.o (.text)
                  00002148    00000488                          : ll_isr.o (.text)
                  000025d0    00000478                          : ll.o (.text)
                  00002a48    00000440                          : ll.o (.text)
                  00002e88    000003cc     multi.obj (.text:GAPRole_SetParameter)
                  00003254    000003b4     cc2640_ctrlll_pcxx.a : ll_isr.o (.text)
                  00003608    0000038c                          : ll_slave_end_causes.o (.text)
                  00003994    00000340                          : ll_init_end_causes.o (.text)
                  00003cd4    00000320     rom_sysbios.aem3 : rom_sysbios.obj (.text:xdc_runtime_System_doPrint__I)
                  00003ff4    00000314     drivers_cc26x0r2.aem3 : PowerCC26XX_calibrateRCOSC.oem3 (.text:PowerCC26XX_auxISR)
                  00004308    000002f0     cc2640_ctrlll_pcxx.a : ll_common.o (.text)
                  000045f8    00000278     drivers_cc26x0r2.aem3 : CryptoCC26XX.oem3 (.text:cryptoTransactionExecute)
                  00004870    0000026c     multi_role_cc2640r2lp_stack_library.lib : gapbondmgr.obj (.text:GAPBondMgr_ProcessGAPMsg)
                  00004adc    0000026c     RFCC26XX_singleMode.obj (.text:RF_fsmActiveState)
                  00004d48    0000025c     multi_role_cc2640r2lp_stack_library.lib : gapbondmgr.obj (.text:GAPBondMgr_SetParameter)
                  00004fa4    00000244     cc26xx_profiles_pcxx.a : gapgattserver.o (.text)
                  000051e8    00000240     cc2640_ctrlll_pcxx.a : ble.o (.text)
                  00005428    00000234     multi_role.obj (.text:multi_role_processGATTDiscEvent)
                  0000565c    00000230     main.obj (.text:AssertHandler)
                  0000588c    0000022c     drivers_cc26x0r2.aem3 : PowerCC26XX.oem3 (.text:Power_sleep)
                  00005ab8    00000224     ECCROMCC26XX.obj (.text:ECC_VerifyPublicKeyWeierstrass)
                  00005cdc    00000220     driverlib.lib : sys_ctrl.obj (.text:NOROM_SysCtrlSetRechargeBeforePowerDown)
                  00005efc    00000208     ECCROMCC26XX.obj (.text:ECCROMCC26XX_genDHKey)
                  00006104    00000204     cc2640_ctrlll_pcxx.a : ll_master_end_causes.o (.text)
                  00006308    00000200     cc26xx_profiles_pcxx.a : gattservapp.o (.text)
                  00006508    000001f4     devinfoservice.obj (.text:DevInfo_SetParameter)
                  000066fc    000001e4     multi_role.obj (.text:multi_role_processGATTMsg)
                  000068e0    000001d0     multi_role_cc2640r2lp_stack_library.lib : gapbondmgr.obj (.text:gapBondMgrAddBond)
                  00006ab0    000001c8                                             : osal.obj (.text:osal_run_system)
                  00006c78    000001c0     cc26xx_sm_pcxx.a : sm_intpairing.o (.text)
                  00006e38    000001b8     multi_role.obj (.text:multi_role_processPairState)
                  00006ff0    000001b0     drivers_cc26x0r2.aem3 : PINCC26XX.oem3 (.text:PIN_init)
                  000071a0    000001a4     RFCC26XX_singleMode.obj (.text:RF_fsmSetupState)
                  00007344    000001a4     cc2640_ctrlll_pcxx.a : ll.o (.text)
                  000074e8    000001a0                          : ll_isr.o (.text)
                  00007688    000001a0     devinfoservice.obj (.text:devInfo_ReadAttrCB)
                  00007828    00000194     multi.obj (.text:GAPRole_GetParameter)
                  000079bc    00000190     drivers_cc26x0r2.aem3 : PowerCC26XX_calibrateRCOSC.oem3 (.text:PowerCC26XX_doCalibrate)
                  00007b4c    0000018c     ECCROMCC26XX.obj (.text:ECCROMCC26XX_genKeys)
                  00007cd8    00000184     multi_role_cc2640r2lp_stack_library.lib : gapbondmgr.obj (.text:gapBondMgrAuthenticate)
                  00007e5c    00000174     cc26xx_gatt_pcxx.a : gatt_client.o (.text)
                  00007fd0    0000015c     drivers_cc26x0r2.aem3 : UARTCC26XX.oem3 (.text:UARTCC26XX_open)
                  0000812c    0000015c     cc26xx_gatt_pcxx.a : gatt_client.o (.text)
                  00008288    00000150     multi_role_cc2640r2lp_stack_library.lib : gapbondmgr.obj (.text:GAPBondMgr_ProcessEvent)
                  000083d8    00000150     cc2640_ctrlll_pcxx.a : ll_common.o (.text)
                  00008528    00000150     cc26xx_sm_pcxx.a : sm_intpairing.o (.text)
                  00008678    00000148     RFCC26XX_singleMode.obj (.text:RF_init)
                  000087c0    00000148     drivers_cc26x0r2.aem3 : UARTCC26XX.oem3 (.text:UARTCC26XX_hwiIntFxn)
                  00008908    00000148     multi_role.obj (.text:multi_role_addMappingEntry)
                  00008a50    00000140     icall.obj (.text:ICall_waitMatch)
                  00008b90    00000140     cc2640_ctrlll_pcxx.a : ll_master_end_causes.o (.text)
                  00008cd0    0000013c     multi.obj (.text:gapRole_taskFxn)
                  00008e0c    00000138     RFCC26XX_singleMode.obj (.text:RF_control)
                  00008f44    00000136     drivers_cc26x0r2.aem3 : UARTCC26XX.oem3 (.text:UARTCC26XX_read)
                  0000907a    00000002     multi_role_cc2640r2lp_stack_library.lib : common_rom_init.obj (.text:CommonROM_Init)
                  0000907c    00000134     icall.obj (.text:ICall_heapMalloc)
                  000091b0    00000130     multi_role.obj (.text:mr_doGattRw)
                  000092e0    0000012c     drivers_cc26x0r2.aem3 : PowerCC26XX.oem3 (.text:Power_init)
                  0000940c    00000128     cc2640_ctrlll_pcxx.a : ll_scheduler.o (.text)
                  00009534    00000124     multi_role_cc2640r2lp_stack_library.lib : gapbondmgr.obj (.text:gapBondMgrEraseBonding)
                  00009658    0000011c     RFCC26XX_singleMode.obj (.text:RF_abortCmd)
                  00009774    0000011c     RFCC26XX_singleMode.obj (.text:RF_swiHw)
                  00009890    00000118     RFCC26XX_singleMode.obj (.text:RF_open)
                  000099a8    00000118     multi_role_cc2640r2lp_stack_library.lib : osal_snv_wrapper.obj (.text:osal_snv_write)
                  00009ac0    00000114     RFCC26XX_singleMode.obj (.text:RF_corePowerDown)
                  00009bd4    00000114     cc26xx_gap_pcxx.a : gap_linkmgr.o (.text)
                  00009ce8    00000110     multi_role_cc2640r2lp_stack_library.lib : gapbondmgr.obj (.text:GAPBondMgr_LinkEst)
                  00009df8    00000110     cc26xx_gatt_pcxx.a : gatt_server.o (.text)
                  00009f08    0000010c     simple_gatt_profile.obj (.text:simpleProfile_WriteAttrCB)
                  0000a014    00000108     app_ble_pem3.oem3 (.text:xdc_runtime_System_printfExtend__I)
                  0000a11c    00000104     simple_gatt_profile.obj (.text:SimpleProfile_SetParameter)
                  0000a220    00000104     cc26xx_gap_pcxx.a : gap_centdevmgr.o (.text)
                  0000a324    00000100     RFCC26XX_singleMode.obj (.text:RF_fsmPowerUpState)
                  0000a424    000000fc     RFCC26XX_singleMode.obj (.text:RF_pendCmd)
                  0000a520    000000fc     cc26xx_gap_pcxx.a : gap_centlinkmgr.o (.text)
                  0000a61c    000000fc     cc26xx_sm_pcxx.a : sm_intpairing.o (.text)
                  0000a718    000000f8     cc2640_ctrlll_pcxx.a : ll_scan_end_causes.o (.text)
                  0000a810    000000f4     RFCC26XX_singleMode.obj (.text:RF_postCmd)
                  0000a904    000000f4     multi_role_cc2640r2lp_stack_library.lib : osal_snv_wrapper.obj (.text:compactPage)
                  0000a9f8    000000f0     drivers_cc26x0r2.aem3 : PINCC26XX.oem3 (.text:PINCC26XX_setIoCfg)
                  0000aae8    000000f0     cc2640_ctrlll_pcxx.a : ll.o (.text)
                  0000abd8    000000f0     multi_role_cc2640r2lp_stack_library.lib : osal_timers.obj (.text:osalTimerUpdate)
                  0000acc8    000000f0                                             : ble_user_config.obj (.text:setBleUserConfig)
                  0000adb8    000000ec     cc26xx_profiles_pcxx.a : gattservapp.o (.text)
                  0000aea4    000000e8     multi_role_cc2640r2lp_stack_library.lib : gapbondmgr.obj (.text:GAPBondMgr_GetParameter)
                  0000af8c    000000e8     dpl_cc26x0r2.aem3 : PowerCC26XX_tirtos.oem3 (.text:PowerCC26XX_standbyPolicy)
                  0000b074    000000e4     cc2640_ctrlll_pcxx.a : ll_isr.o (.text)
                  0000b158    000000e4     cc26xx_gatt_pcxx.a : gatt_client.o (.text)
                  0000b23c    000000e4     cc26xx_sm_pcxx.a : sm_pairing.o (.text)
                  0000b320    000000e2     drivers_cc26x0r2.aem3 : UARTCC26XX.oem3 (.text:UARTCC26XX_write)
                  0000b402    00000002     display.aem3 : DisplayUart.oem3 (.text:DisplayUartAnsi_init)
                  0000b404    000000dc     gattservapp_util.obj (.text:GATTServApp_ProcessCharCfg)
                  0000b4e0    000000dc     multi_role_cc2640r2lp_stack_library.lib : osal.obj (.text:osal_set_event)
                  0000b5bc    000000d8     icall.obj (.text:ICall_heapInit)
                  0000b694    000000d8     cc26xx_gap_pcxx.a : gap_centdevmgr.o (.text)
                  0000b76c    000000d4     icall.obj (.text:ICall_enrollService)
                  0000b840    000000d4     RFCC26XX_singleMode.obj (.text:RF_radioOpDoneCb)
                  0000b914    000000d4     multi.obj (.text:gapRole_init)
                  0000b9e8    000000d0     multi_role.obj (.text:mr_doConnect)
                  0000bab8    000000d0     multi_role.obj (.text:multi_role_taskFxn)
                  0000bb88    000000cc     cc2640_ctrlll_pcxx.a : ll_scan_end_causes.o (.text)
                  0000bc54    000000cc     gattservapp_util.obj (.text:gattServApp_SendNotiInd)
                  0000bd20    000000c8     two_btn_menu.obj (.text:tbm_displayItem)
                  0000bde8    000000c4     cc26xx_sm_pcxx.a : sm_pairing.o (.text)
                  0000beac    000000c4                      : sm_pairing.o (.text)
                  0000bf70    000000c0     icall.obj (.text:ICall_setTimer)
                  0000c030    000000c0     multi_role_cc2640r2lp_stack_library.lib : osal_snv_wrapper.obj (.text:osal_snv_init)
                  0000c0f0    000000bc     drivers_cc26x0r2.aem3 : PowerCC26XX.oem3 (.text:Power_releaseDependency)
                  0000c1ac    000000bc     cc2640_ctrlll_pcxx.a : ll_scheduler.o (.text)
                  0000c268    000000bc     multi.obj (.text:gapRole_connUpdate)
                  0000c324    000000b4     drivers_cc26x0r2.aem3 : PowerCC26XX.oem3 (.text:Power_setDependency)
                  0000c3d8    000000b0     icall.obj (.text:ICall_registerApp)
                  0000c488    000000b0     RFCC26XX_singleMode.obj (.text:RF_hwiCpe0Active)
                  0000c538    000000b0     RFCC26XX_singleMode.obj (.text:RF_ratDispatchTime)
                  0000c5e8    000000b0     RFCC26XX_singleMode.obj (.text:RF_ratFreeChannel)
                  0000c698    000000b0     TRNGCC26XX.obj (.text:TRNGCC26XX_getNumber)
                  0000c748    000000b0     cc26xx_gap_pcxx.a : gap_peridevmgr.o (.text)
                  0000c7f8    000000ac     display.aem3 : DisplayUart.oem3 (.text:DisplayUartAnsi_clearLines)
                  0000c8a4    000000ac     driverlib.lib : setup.obj (.text:NOROM_SetupTrimDevice)
                  0000c950    000000ac     multi_role.obj (.text:multi_role_freeAttRsp)
                  0000c9fc    000000ac     simple_gatt_profile.obj (.text:simpleProfile_ReadAttrCB)
                  0000caa8    000000ac     two_btn_menu.obj (.text:tbm_displayItemPage)
                  0000cb54    000000a8     icall.obj (.text:HEAPMGR_GETLARGESTFREEBUF)
                  0000cbfc    000000a8     icall.obj (.text:ICall_send)
                  0000cca4    000000a8     icall.obj (.text:ICall_sendServiceComplete)
                  0000cd4c    000000a8     icall.obj (.text:icall_directAPI)
                  0000cdf4    000000a7     display.aem3 : DisplayUart.oem3 (.text:DisplayUartAnsi_open)
                  0000ce9b    00000001     --HOLE-- [fill = 0]
                  0000ce9c    000000a6     rom_sysbios.aem3 : rom_sysbios.obj (.text:xdc_runtime_Text_putSite__E)
                  0000cf42    00000002     driverlib.lib : rfc.obj (.text:NOROM_RFCAdi3VcoLdoVoltageMode)
                  0000cf44    000000a4     multi_role_cc2640r2lp_stack_library.lib : gapbondmgr.obj (.text:GAPBondMgr_ResolveAddr)
                  0000cfe8    000000a4     icall.obj (.text:ICall_newTask)
                  0000d08c    000000a4     RFCC26XX_singleMode.obj (.text:RF_hwiHw)
                  0000d130    000000a4     multi_role_cc2640r2lp_stack_library.lib : osal_cbtimer.obj (.text:cbTimerSetup)
                  0000d1d4    000000a4     cc2640_ctrlll_pcxx.a : ll_common.o (.text)
                  0000d278    000000a4     cc26xx_gatt_pcxx.a : gatt_client.o (.text)
                  0000d31c    000000a4     cc26xx_sm_pcxx.a : sm_intpairing.o (.text)
                  0000d3c0    000000a4     multi_role.obj (.text:multi_role_processStackMsg)
                  0000d464    000000a4     drivers_cc26x0r2.aem3 : PowerCC26XX.oem3 (.text:switchXOSCHFclockFunc)
                  0000d508    000000a2     RFCC26XX_singleMode.obj (.text:RF_initRadioSetup)
                  0000d5aa    00000002     multi_role_cc2640r2lp_stack_library.lib : onboard.obj (.text:Onboard_soft_reset)
                  0000d5ac    000000a0     icall.obj (.text:ICall_createRemoteTasksAtRuntime)
                  0000d64c    000000a0     drivers_cc26x0r2.aem3 : PINCC26XX.oem3 (.text:PIN_open)
                  0000d6ec    000000a0     RFCC26XX_singleMode.obj (.text:RF_dispatchNextCmd)
                  0000d78c    000000a0     auto_init.aem3 : auto_init.oem3 (.text)
                  0000d82c    000000a0     multi_role_cc2640r2lp_stack_library.lib : gapbondmgr.obj (.text:gapBondMgrUpdateCharCfg)
                  0000d8cc    000000a0     multi_role.obj (.text:multi_role_processAppMsg)
                  0000d96c    0000009f     display.aem3 : DisplayUart.oem3 (.text:DisplayUartAnsi_vprintf)
                  0000da0b    00000001     --HOLE-- [fill = 0]
                  0000da0c    0000009c     multi_role_cc2640r2lp_stack_library.lib : gapbondmgr.obj (.text:GAPBondMgr_SlaveReqSecurity)
                  0000daa8    0000009c     cc2640_ctrlll_pcxx.a : ll_scheduler.o (.text)
                  0000db44    0000009c     multi_role.obj (.text:mr_doConnUpdate)
                  0000dbe0    0000009c     rtsv7M3_T_le_eabi.lib : memcpy_t2.asm.obj (.text)
                  0000dc7c    0000009a     RFCC26XX_singleMode.obj (.text:RF_syncCb)
                  0000dd16    00000002     multi_role_cc2640r2lp_stack_library.lib : sm_ecc.obj (.text:SM_dhKeyCB)
                  0000dd18    00000098     icall_cc2650.obj (.text:ICallPlatform_pwrUpdActivityCounter)
                  0000ddb0    00000098     RFCC26XX_singleMode.obj (.text:RF_getCurrentTime)
                  0000de48    00000098     drivers_cc26x0r2.aem3 : UARTCC26XX.oem3 (.text:UARTCC26XX_initHw)
                  0000dee0    00000098                           : UARTCC26XX.oem3 (.text:UARTCC26XX_initIO)
                  0000df78    00000098     cc2640_ctrlhci_pcxx.a : hci_event.o (.text)
                  0000e010    00000098     cc2640_ctrlll_pcxx.a : ll_common.o (.text)
                  0000e0a8    00000098     multi_role_cc2640r2lp_stack_library.lib : osal_cbtimer.obj (.text:osal_CbTimerProcessEvent)
                  0000e140    00000098     rom_sysbios.aem3 : rom_sysbios.obj (.text:ti_sysbios_knl_Clock_workFuncDynamic__E)
                  0000e1d8    00000098                      : rom_sysbios.obj (.text:xdc_runtime_Text_putMod__E)
                  0000e270    00000096     gattservapp_util.obj (.text:GATTServApp_ProcessCCCWriteReq)
                  0000e306    00000096     rtsv7M3_T_le_eabi.lib : ull_div_t2.asm.obj (.text)
                  0000e39c    00000094     drivers_cc26x0r2.aem3 : CryptoCC26XX.oem3 (.text:CryptoCC26XX_allocateKey)
                  0000e430    00000094     driverlib.lib : crypto.obj (.text:NOROM_CRYPTOAesLoadKey)
                  0000e4c4    00000094     cc26xx_gap_pcxx.a : gap_centdevmgr.o (.text)
                  0000e558    00000094     multi_role.obj (.text:multi_role_sendAttRsp)
                  0000e5ec    00000090     drivers_cc26x0r2.aem3 : CryptoCC26XX.oem3 (.text:CryptoCC26XX_open)
                  0000e67c    00000090     RFCC26XX_singleMode.obj (.text:RF_getInfo)
                  0000e70c    00000090     driverlib.lib : setup.obj (.text:TrimAfterColdResetWakeupFromShutDown)
                  0000e79c    00000090     cc2640_ctrlll_pcxx.a : ll_common.o (.text)
                  0000e82c    00000090                          : ll_init_end_causes.o (.text)
                  0000e8bc    00000090     rom_sysbios.aem3 : rom_sysbios.obj (.text:ti_sysbios_family_arm_cc26xx_Timer_start__E)
                  0000e94c    0000008e     drivers_cc26x0r2.aem3 : UARTCC26XX.oem3 (.text:UARTCC26XX_writeCancel)
                  0000e9da    00000002     multi_role_cc2640r2lp_stack_library.lib : sm_ecc.obj (.text:SM_p256KeyCB)
                  0000e9dc    0000008c     icall.obj (.text:ICall_getEntityId)
                  0000ea68    0000008c     util.obj (.text:Util_convertBdAddr2Str)
                  0000eaf4    0000008c     cc2640_ctrlll_pcxx.a : ll_common.o (.text)
                  0000eb80    0000008c                          : ll_enc.o (.text)
                  0000ec0c    0000008c                          : ll_scan_end_causes.o (.text)
                  0000ec98    0000008c     cc26xx_gatt_pcxx.a : gatt_client.o (.text)
                  0000ed24    0000008c                        : gatt_client.o (.text)
                  0000edb0    0000008c     cc26xx_sm_pcxx.a : sm_intpairing.o (.text)
                  0000ee3c    0000008c     multi_role.obj (.text:multi_role_startDiscovery)
                  0000eec8    00000088     simple_gatt_profile.obj (.text:SimpleProfile_GetParameter)
                  0000ef50    00000088     multi.obj (.text:gapRole_processStackMsg)
                  0000efd8    00000084     icall.obj (.text:ICall_wait)
                  0000f05c    00000084     driverlib.lib : crypto.obj (.text:NOROM_CRYPTOCcmInvAuthDecryptResultGet)
                  0000f0e0    00000084     RFCC26XX_singleMode.obj (.text:RF_cmdDispatchTime)
                  0000f164    00000084     RFCC26XX_singleMode.obj (.text:RF_discardPendCmd)
                  0000f1e8    00000084     drivers_cc26x0r2.aem3 : UARTCC26XX.oem3 (.text:UARTCC26XX_close)
                  0000f26c    00000084     cc26xx_profiles_pcxx.a : gapgattserver.o (.text)
                  0000f2f0    00000084     multi_role.obj (.text:multi_role_processCharValueChangeEvt)
                  0000f374    00000084     multi_role_cc2640r2lp_stack_library.lib : osal.obj (.text:osal_event_send)
                  0000f3f8    00000080     RFCC26XX_singleMode.obj (.text:RF_ratArmChannel)
                  0000f478    00000080     multi_role_cc2640r2lp_stack_library.lib : osal_icall_ble.obj (.text:osalInitTasks)
                  0000f4f8    00000080     drivers_cc26x0r2.aem3 : UARTCC26XX.oem3 (.text:writeTxFifoFlush)
                  0000f578    00000080     multi_role_cc2640r2lp_stack_library.lib : osal_snv_wrapper.obj (.text:writeWord)
                  0000f5f8    0000007c                                             : gapbondmgr.obj (.text:GAPBondMgr_Pair)
                  0000f674    0000007c                                             : gapbondmgr.obj (.text:GAPBondMgr_syncResolvingList)
                  0000f6f0    0000007c     cc2640_ctrlhci_pcxx.a : hci_event.o (.text)
                  0000f76c    0000007c     cc2640_ctrlll_pcxx.a : ll_scheduler.o (.text)
                  0000f7e8    0000007c     cc26xx_gap_pcxx.a : gap_centdevmgr.o (.text)
                  0000f864    0000007c                       : gap_linkmgr.o (.text)
                  0000f8e0    0000007c     cc26xx_gatt_pcxx.a : gatt_client.o (.text)
                  0000f95c    0000007c     two_btn_menu.obj (.text:tbm_findActiveItem)
                  0000f9d8    0000007a     rtsv7M3_T_le_eabi.lib : memset_t2.asm.obj (.text)
                  0000fa52    00000002                           : _lock.c.obj (.text:_nop)
                  0000fa54    00000078     ECCROMCC26XX.obj (.text:ECCROMCC26XX_Params_init)
                  0000facc    00000078     icall.obj (.text:ICall_createRemoteTasks)
                  0000fb44    00000078     cc2640_ctrlll_pcxx.a : ll_common.o (.text)
                  0000fbbc    00000078     cc26xx_profiles_pcxx.a : gattservapp.o (.text)
                  0000fc34    00000078     two_btn_menu.obj (.text:tbm_buttonRight)
                  0000fcac    00000076     RFCC26XX_singleMode.obj (.text:RF_calculateDispatchTime)
                  0000fd22    00000076     cc26xx_gatt_pcxx.a : gatt_client.o (.text)
                  0000fd98    00000074     gattservapp_util.obj (.text:GATTServApp_InitCharCfg)
                  0000fe0c    00000074     cc26xx_sm_pcxx.a : sm_pairing.o (.text)
                  0000fe80    00000074     main.obj (.text:main)
                  0000fef4    00000074     multi_role_cc2640r2lp_stack_library.lib : osal.obj (.text:osal_msg_enqueue_push)
                  0000ff68    00000072     cc2640_ctrlll_pcxx.a : ll_common.o (.text)
                  0000ffda    00000072     cc26xx_gatt_pcxx.a : gatt_client.o (.text)
                  0001004c    00000070     driverlib.lib : sys_ctrl.obj (.text:NOROM_SysCtrlAdjustRechargeAfterPowerDown)
                  000100bc    00000070     simple_gatt_profile.obj (.text:SimpleProfile_AddService)
                  0001012c    00000070     cc26xx_hci_tl_none.a : hci_tl.o (.text)
                  0001019c    00000070     cc26xx_sm_pcxx.a : sm_intpairing.o (.text)
                  0001020c    00000070     drivers_cc26x0r2.aem3 : PowerCC26XX.oem3 (.text:lfClockReadyCallback)
[...]
20002284  LSTORecoveryArr                                                           
20002288  llCombineState                                                            
2000228c  llCurrentMappedChan                                                       
20002294  connEvtCB                                                                 
20002298  clientInfoTbl                                                             
200022a4  ClockP_tickPeriod                                                         
200022a8  HEAPMGR_SIZE                                                              
200022ac  discInfo                                                                  
200022b0  hKeyPins                                                                  
200022b4  tasksEvents                                                               
200022b8  trngCC26XXObjects                                                         
200022bc  hciGapTaskID                                                              
200022bd  hciSmpTaskID                                                              
200022be  hciTestTaskID                                                             
200022c0  driverlib_release_0_56883                                                 
200022c1  icall_liteTaskId                                                          
200022c2  osal_entity                                                               
200022c3  tbmRowItemLast                                                            
200022c4  heapStart                                                                 
20004000  __stack                                                                   
20004000  heapEnd                                                                   
20004400  __STACK_END                                                               
20004400  __STACK_TOP                                                               
200044f8  RAM_BASE_ADDR                                                             
20004504  ROM_FlashJT                                                               
20004558  gapPeripheralCBs                                                          
20004564  gapPeripheralConnCBs                                                      
20004568  rfMode                                                                    
20004584  smResponderCBs                                                            
2000459c  slaveConnHandle                                                           
2000459e  nextHandle                                                                
200045a0  l2capMtuSize                                                              
200045a2  gapAppTaskID                                                              
200045a3  gapAdvAppTaskID                                                           
200045a4  gapUnwantedTaskID                                                         
200045a5  reqTaskId                                                                 
200045a6  gattAppTaskID                                                             
200045a7  appTaskID                                                                 
200045a8  flowCtrlTaskId                                                            
200045a9  SM_appTaskID                                                              
200045ac  resolvingList                                                             
200046ec  scanDataEntry                                                             
200047cc  wlTable                                                                   
200048a8  wlTableScan                                                               
20004a20  advCmd                                                                    
20004a68  localEccKeys                                                              
20004aac  initDataEntry                                                             
20004ae4  advDataEntry                                                              
20004b1c  l2capFixedChannels                                                        
20004b4c  linkCBs                                                                   
20004b7c  eccParams                                                                 
20004bac  initParam                                                                 
20004bd0  scanParam                                                                 
20004bf4  advParam                                                                  
20004c14  cryptoPRAND                                                               
20004c34  txModemTestCmd                                                            
20004c50  gapParams                                                                 
20004c6c  initCmd                                                                   
20004c84  connReqData                                                               
20004c9c  scanCmd                                                                   
20004cb4  scanOutput                                                                
20004ccc  trxTestCmd                                                                
20004ce4  rxModemTestCmd                                                            
20004cfc  rsp                                                                       
20004d14  fwParDtmCmd                                                               
20004d2c  rfSetup                                                                   
20004d44  fwParRfCmd                                                                
20004d5c  connOutput                                                                
20004d70  rxTestParam                                                               
20004d84  initDataQueue                                                             
20004d94  scanDataQueue                                                             
20004da4  advDataQueue                                                              
20004db4  advOutput                                                                 
20004dc4  txTestParam                                                               
20004dd4  initOutput                                                                
20004de0  rxTestOut                                                                 
20004dec  deviceFeatureSet                                                          
20004df8  cachedTRNGdata                                                            
20004e04  gapCurrentRandomAddr                                                      
20004e0c  slaveUpdateReq                                                            
20004e14  pBleEvtMask                                                               
20004e1c  pHciEvtMask                                                               
20004e24  pHciEvtMask2                                                              
20004e2c  ownPublicAddr                                                             
20004e34  ownRandomAddr                                                             
20004e3c  ownSavedPublicAddr                                                        
20004e44  fwImmedCmd                                                                
20004e4c  attServerNotifyTxCB                                                       
20004e50  rfEvent                                                                   
20004e58  fwParCmd                                                                  
20004e60  verInfo                                                                   
20004e68  llConns                                                                   
20004e70  fwParamImmedCmd                                                           
20004e78  privInfo                                                                  
20004e80  linkCmd                                                                   
20004e84  linkParam                                                                 
20004e88  rxDataQ                                                                   
20004e8c  txDataQ                                                                   
20004e90  rxRingBuf                                                                 
20004e94  txTestOut                                                                 
20004e98  pGapDiscReq                                                               
20004e9c  pGapAdvertState                                                           
20004ea0  pEstLink                                                                  
20004ea4  pAuthLink                                                                 
20004ea8  pfnCentralConnCBs                                                         
20004eac  pfnPeripheralConnCBs                                                      
20004eb0  pGapAdvTokens                                                             
20004eb4  pGapAdData                                                                
20004eb8  pGapScanRspData                                                           
20004ebc  pfnPeripheralCBs                                                          
20004ec0  pfnCentralCBs                                                             
20004ec4  pfnBondMgrCBs                                                             
20004ec8  serverInfoTbl                                                             
20004ecc  pServiceList                                                              
20004ed0  pfnServerProcessMsgCB                                                     
20004ed4  pfnClientProcessMsgCB                                                     
20004ed8  prepareWritesTbl                                                          
20004edc  serviceCBsList                                                            
20004ee0  pAttrValue                                                                
20004ee4  l2capChannels                                                             
20004ee8  linkDB                                                                    
20004eec  rfHandle                                                                  
20004ef0  rfDrvTblPtr                                                               
20004ef4  eccDrvTblPtr                                                              
20004ef8  cryptoDrvTblPtr                                                           
20004efc  trngDrvTblPtr                                                             
20004f00  activeConns                                                               
20004f04  SysBootMsg                                                                
20004f08  sclkSrc                                                                   
20004f0c  buildInfo                                                                 
20004f10  advInfo                                                                   
20004f14  scanInfo                                                                  
20004f18  initInfo                                                                  
20004f1c  dtmInfo                                                                   
20004f20  taskEndAction                                                             
20004f24  encParams                                                                 
20004f28  encHandle                                                                 
20004f2c  encKey                                                                    
20004f30  pPairingParams                                                            
20004f34  pfnResponderCBs                                                           
20004f38  pfnInitiatorCBs                                                           
20004f3c  gapLimitedAdvertisingTimeout                                              
20004f3e  attrLen                                                                   
20004f40  numHostBufs                                                               
20004f42  rfCmdHandle                                                               
20004f44  connInitialMaxTxOctets                                                    
20004f46  connInitialMaxTxTime                                                      
20004f48  supportedMaxTxOctets                                                      
20004f4a  supportedMaxTxTime                                                        
20004f4c  supportedMaxRxOctets                                                      
20004f4e  supportedMaxRxTime                                                        
20004f50  taskEndStatus                                                             
20004f52  postRfOperations                                                          
20004f54  rfCfgAdiVal                                                               
20004f58  gapProfileRole                                                            
20004f59  gapDeviceAddrMode                                                         
20004f5a  gapState                                                                  
20004f5b  terminateAllTaskID                                                        
20004f5c  terminateReason                                                           
20004f5d  gapTaskID                                                                 
20004f5e  gattNumConns                                                              
20004f5f  gattTaskID                                                                
20004f60  GATTServApp_TaskID                                                        
20004f61  maxNumPrepareWrites                                                       
20004f62  hciPTMenabled                                                             
20004f63  ctrlToHostEnable                                                          
20004f64  l2capFlowCtrlMode                                                         
20004f65  l2capTaskID                                                               
20004f66  l2capNumChannels                                                          
20004f67  l2capNumDataPkts                                                          
20004f68  l2capId                                                                   
20004f69  linkDBNumConns                                                            
20004f6a  linkDB_secureConnectionOnlyMode                                           
20004f6b  maxPduSize                                                                
20004f6c  rfFeModeBias                                                              
20004f6d  maxNumTxDataBufs                                                          
20004f6e  LL_TaskID                                                                 
20004f6f  llState                                                                   
20004f70  rssiCorrection                                                            
20004f71  curTxPowerVal                                                             
20004f72  maxTxPwrForDTM                                                            
20004f73  onePktPerEvt                                                              
20004f74  numComplPkts                                                              
20004f75  numComplPktsLimit                                                         
20004f76  numComplPktsFlush                                                         
20004f77  fastTxRespTime                                                            
20004f78  slOverride                                                                
20004f79  rxFifoFlowCtrl                                                            
20004f7a  numTxDataBufs                                                             
20004f7b  maxNumConns                                                               
20004f7c  smTaskID                                                                  
20004f7d  SM_appExpectingKey                                                        
20004f80  ECC_DATA$$Base                                                            
20004f80  eccRom_param_Gx                                                           
20004f84  eccRom_param_Gy                                                           
20004f88  eccRom_workzone                                                           
20004f8c  eccRom_param_p                                                            
20004f90  eccRom_param_r                                                            
20004f94  eccRom_param_a                                                            
20004f98  eccRom_param_b                                                            
20004f9c  eccRom_windowSize                                                         
20004fa0  aux64                                                                     
20004fa8  MOD                                                                       
20004fac  LEN                                                                       
20004fb0  inScalar                                                                  
20004fb4  inPointX                                                                  
20004fb8  inPointY                                                                  
20004fbc  outPointX                                                                 
20004fc0  outPointY                                                                 
20004fc4  SCAL                                                                      
20004fc8  EXPX                                                                      
20004fcc  EXPY                                                                      
20004fd0  EXPZ                                                                      
20004fd4  EXPW                                                                      
20004fd8  ACCX                                                                      
20004fdc  ACCY                                                                      
20004fe0  ACCZ                                                                      
20004fe4  TMP1                                                                      
20004fe8  TMP2                                                                      
20004fec  TMP3                                                                      
20004ff0  TMP4                                                                      
20004ff4  TMP5                                                                      
20004ff8  TMP6                                                                      
20004ffc  MSBMOD                                                                    
20005000  ECC_DATA$$Limit                                                           
20005000  __UNUSED_SRAM_end__                                                       
e000e000  ti_sysbios_family_arm_m3_Hwi_nvic                                         
ffffffff  __TI_pprof_out_hndl                                                       
ffffffff  __TI_prof_data_size                                                       
ffffffff  __TI_prof_data_start                                                      
ffffffff  __binit__                                                                 
ffffffff  __c_args__                                                                
ffffffff  binit                                                                     
UNDEFED   SHT$$INIT_ARRAY$$Base                                                     
UNDEFED   SHT$$INIT_ARRAY$$Limit                                                    

[2493 symbols]
